// Jest Snapshot v1, https://goo.gl/fbAQLP

exports[`Card should match snapshot 1`] = `
<article
  className="card"
>
  <div
    class="card-title"
  >
    <h3>
      hello
    </h3>
    <img
      alt=""
      class="star-card-button"
      onClick={[Function]}
      src="star.svg"
    />
  </div>
  <div
    className="card_content"
  >
    <p>
      there
    </p>
    <p>
      person
    </p>
    <p>
      of
    </p>
    <p>
      interest
    </p>
  </div>
</article>
`;
