// Jest Snapshot v1, https://goo.gl/fbAQLP

exports[`CardContainer should match snapshot 1`] = `
<section
  className="card-components"
>
  <Card
    datum="somewhere"
    key="h"
  />
  <Card
    datum="over"
  />
  <Card
    datum="the"
  />
  <Card
    datum="rainbow"
    key="o"
  />
  <Card
    datum="stars"
  />
  <Card
    datum="something"
    key="h"
  />
  <Card
    datum="words"
  />
</section>
`;
